// Jest Snapshot v1, https://goo.gl/fbAQLP

exports[`Should hash tile index as xxxx-xxxx-xxxx-xxxx 1`] = `"a19d-5172-1017-286a"`;
